---
source: tests/e2e.rs
assertion_line: 87
expression: output
---
+----+---------------+-----------+----------+------------+
| ID | Bucket        | Content   | Priority | Due        |
+----+---------------+-----------+----------+------------+
| 1  | @default/test | test task | 🚨 P1    | 2025-12-31 |
+----+---------------+-----------+----------+------------+
